// Jest Snapshot v1, https://goo.gl/fbAQLP

exports[`renders correctly 1`] = `
<div>
  <div>
    <h1>
      Home
    </h1>
    <div>
      Resources: 
      2
    </div>
  </div>
</div>
`;
